ioctl(3, AMDKFD_IOC_GET_VERSION, 0x7ffe2d437720) = 0 <0.000019>
ioctl(7, DRM_IOCTL_VERSION, 0x55e85197aae0) = 0 <0.000003>
ioctl(7, DRM_IOCTL_VERSION, 0x55e85197aae0) = 0 <0.000003>
ioctl(8, DRM_IOCTL_AMDGPU_INFO or DRM_IOCTL_SIS_FB_FREE, 0x7ffe2d436e70) = 0 <0.000003>
ioctl(8, DRM_IOCTL_AMDGPU_INFO or DRM_IOCTL_SIS_FB_FREE, 0x7ffe2d436e70) = 0 <0.000036>
ioctl(8, DRM_IOCTL_AMDGPU_INFO or DRM_IOCTL_SIS_FB_FREE, 0x7ffe2d436e70) = 0 <0.000003>
ioctl(3, AMDKFD_IOC_GET_PROCESS_APERTURES_NEW, 0x7ffe2d437080) = 0 <0.000003>
ioctl(3, AMDKFD_IOC_ACQUIRE_VM, 0x7ffe2d4371c0) = 0 <0.000087>
ioctl(3, AMDKFD_IOC_SET_MEMORY_POLICY, 0x7ffe2d437200) = 0 <0.000003>
ioctl(3, AMDKFD_IOC_ALLOC_MEMORY_OF_GPU, 0x7ffe2d437140) = 0 <0.000005>
ioctl(3, AMDKFD_IOC_MAP_MEMORY_TO_GPU, 0x7ffe2d437160) = 0 <0.000019>
ioctl(3, AMDKFD_IOC_SET_XNACK_MODE, 0x7ffe2d437474) = 0 <0.000003>
ioctl(3, AMDKFD_IOC_GET_CLOCK_COUNTERS, 0x7ffe2d436f90) = 0 <0.000007>
ioctl(5, DRM_IOCTL_VERSION, 0x55e85197a1f0) = 0 <0.000002>
ioctl(5, DRM_IOCTL_VERSION, 0x55e85197a1f0) = 0 <0.000002>
ioctl(7, DRM_IOCTL_AMDGPU_INFO or DRM_IOCTL_SIS_FB_FREE, 0x7ffe2d436ec0) = 0 <0.000002>
ioctl(7, DRM_IOCTL_AMDGPU_INFO or DRM_IOCTL_SIS_FB_FREE, 0x7ffe2d436ec0) = 0 <0.000217>
ioctl(7, DRM_IOCTL_AMDGPU_INFO or DRM_IOCTL_SIS_FB_FREE, 0x7ffe2d436ec0) = 0 <0.000003>
ioctl(3, _IOC(_IOC_READ|_IOC_WRITE, 0x4b, 0x82, 0x28), 0x7ffe2d437540) = -1 ENOTTY (对设备不适当的 ioctl 操作) <0.000002>
ioctl(3, AMDKFD_IOC_ALLOC_MEMORY_OF_GPU, 0x7ffe2d437490) = 0 <0.000007>
ioctl(3, AMDKFD_IOC_MAP_MEMORY_TO_GPU, 0x7ffe2d437580) = 0 <0.000005>
ioctl(3, AMDKFD_IOC_CREATE_EVENT, 0x7ffe2d4376d0) = 0 <0.000007>
ioctl(3, AMDKFD_IOC_ALLOC_MEMORY_OF_GPU, 0x7ffe2d437080) = 0 <0.000026>
ioctl(3, AMDKFD_IOC_MAP_MEMORY_TO_GPU, 0x7ffe2d437030) = 0 <0.000005>
ioctl(3, AMDKFD_IOC_CREATE_EVENT, 0x7ffe2d437490) = 0 <0.000003>
ioctl(3, AMDKFD_IOC_SET_SCRATCH_BACKING_VA, 0x7ffe2d437650) = 0 <0.000003>
ioctl(3, AMDKFD_IOC_ALLOC_MEMORY_OF_GPU, 0x7ffe2d436d30) = 0 <0.000007>
ioctl(3, AMDKFD_IOC_MAP_MEMORY_TO_GPU, 0x7ffe2d436ce0) = 0 <0.000005>
ioctl(3, AMDKFD_IOC_ALLOC_MEMORY_OF_GPU, 0x7ffe2d437210) = 0 <0.000006>
ioctl(3, AMDKFD_IOC_MAP_MEMORY_TO_GPU, 0x7ffe2d4371c0) = 0 <0.000005>
ioctl(3, AMDKFD_IOC_SET_TRAP_HANDLER, 0x7ffe2d437700) = 0 <0.000003>
ioctl(3, AMDKFD_IOC_ALLOC_MEMORY_OF_GPU, 0x7ffe2d4371d0) = 0 <0.000004>
ioctl(3, AMDKFD_IOC_MAP_MEMORY_TO_GPU, 0x7ffe2d4371a0) = 0 <0.000012>
ioctl(3, _IOC(_IOC_READ|_IOC_WRITE, 0x4b, 0x20, 0x20), 0x7ffe2d437450) = 0 <0.000005>
ioctl(3, _IOC(_IOC_READ|_IOC_WRITE, 0x4b, 0x20, 0x20), 0x7ffe2d437330) = 0 <0.000022>
ioctl(3, AMDKFD_IOC_ALLOC_MEMORY_OF_GPU, 0x7ffe2d436a60) = 0 <0.000007>
ioctl(3, AMDKFD_IOC_MAP_MEMORY_TO_GPU, 0x7ffe2d436a10) = 0 <0.000006>
ioctl(3, AMDKFD_IOC_ALLOC_MEMORY_OF_GPU, 0x7ffe2d436ac0) = 0 <0.000005>
ioctl(3, AMDKFD_IOC_MAP_MEMORY_TO_GPU, 0x7ffe2d436a70) = 0 <0.000004>
ioctl(3, AMDKFD_IOC_CREATE_EVENT, 0x7ffe2d436fe0) = 0 <0.000003>
ioctl(3, AMDKFD_IOC_ALLOC_MEMORY_OF_GPU, 0x7ffe2d436be0) = 0 <0.000004>
ioctl(3, AMDKFD_IOC_MAP_MEMORY_TO_GPU, 0x7ffe2d436cd0) = 0 <0.000005>
ioctl(3, AMDKFD_IOC_ALLOC_MEMORY_OF_GPU, 0x7ffe2d436a50) = 0 <0.000004>
ioctl(3, AMDKFD_IOC_MAP_MEMORY_TO_GPU, 0x7ffe2d436b00) = 0 <0.000005>
ioctl(3, _IOC(_IOC_READ|_IOC_WRITE, 0x4b, 0x20, 0x40), 0x7ffe2d436b20) = 0 <0.003120>
ioctl(3, AMDKFD_IOC_CREATE_QUEUE, 0x7ffe2d436e80) = 0 <0.000130>
ioctl(3, AMDKFD_IOC_ALLOC_MEMORY_OF_GPU, 0x7ffe2d436ca0) = 0 <0.000004>
ioctl(3, AMDKFD_IOC_MAP_MEMORY_TO_GPU, 0x7ffe2d436d30) = 0 <0.000005>
ioctl(3, AMDKFD_IOC_ALLOC_MEMORY_OF_GPU, 0x7ffe2d436ee0) = 0 <0.000004>
ioctl(3, AMDKFD_IOC_MAP_MEMORY_TO_GPU, 0x7ffe2d436ef0) = 0 <0.000006>
ioctl(3, AMDKFD_IOC_SET_EVENT, 0x7ffe2d436ed0) = 0 <0.000003>
ioctl(3, AMDKFD_IOC_ALLOC_MEMORY_OF_GPU, 0x7ffe2d436b50) = 0 <0.000006>
ioctl(3, AMDKFD_IOC_MAP_MEMORY_TO_GPU, 0x7ffe2d436b00) = 0 <0.000005>
ioctl(3, AMDKFD_IOC_CREATE_EVENT, 0x7ffe2d4371f0) = 0 <0.000003>
ioctl(3, AMDKFD_IOC_ALLOC_MEMORY_OF_GPU, 0x7ffe2d436f20) = 0 <0.000006>
ioctl(3, AMDKFD_IOC_MAP_MEMORY_TO_GPU, 0x7ffe2d436ed0) = 0 <0.000006>
ioctl(3, AMDKFD_IOC_ALLOC_MEMORY_OF_GPU, 0x7ffe2d436a40) = 0 <0.000005>
ioctl(3, AMDKFD_IOC_MAP_MEMORY_TO_GPU, 0x7ffe2d4369f0) = 0 <0.000004>
ioctl(3, AMDKFD_IOC_ALLOC_MEMORY_OF_GPU, 0x7ffe2d436a40) = 0 <0.000005>
ioctl(3, AMDKFD_IOC_MAP_MEMORY_TO_GPU, 0x7ffe2d4369f0) = 0 <0.000004>
ioctl(3, AMDKFD_IOC_ALLOC_MEMORY_OF_GPU, 0x7ffe2d436a40) = 0 <0.000004>
ioctl(3, AMDKFD_IOC_MAP_MEMORY_TO_GPU, 0x7ffe2d4369f0) = 0 <0.000004>
ioctl(3, _IOC(_IOC_READ|_IOC_WRITE, 0x4b, 0x20, 0x20), 0x7ffe2d437450) = 0 <0.000004>
ioctl(3, _IOC(_IOC_READ|_IOC_WRITE, 0x4b, 0x20, 0x20), 0x7ffe2d437330) = 0 <0.000005>
ioctl(3, AMDKFD_IOC_ALLOC_MEMORY_OF_GPU, 0x7ffe2d436e80) = 0 <0.000005>
ioctl(3, AMDKFD_IOC_MAP_MEMORY_TO_GPU, 0x7ffe2d436e30) = 0 <0.000004>
ioctl(3, AMDKFD_IOC_ALLOC_MEMORY_OF_GPU, 0x7ffe2d436ee0) = 0 <0.000004>
ioctl(3, AMDKFD_IOC_MAP_MEMORY_TO_GPU, 0x7ffe2d436e90) = 0 <0.000004>
ioctl(3, AMDKFD_IOC_ALLOC_MEMORY_OF_GPU, 0x7ffe2d437000) = 0 <0.000004>
ioctl(3, AMDKFD_IOC_MAP_MEMORY_TO_GPU, 0x7ffe2d4370f0) = 0 <0.000004>
ioctl(3, AMDKFD_IOC_ALLOC_MEMORY_OF_GPU, 0x7ffe2d436e70) = 0 <0.000003>
ioctl(3, AMDKFD_IOC_MAP_MEMORY_TO_GPU, 0x7ffe2d436f20) = 0 <0.000004>
ioctl(3, _IOC(_IOC_READ|_IOC_WRITE, 0x4b, 0x20, 0x40), 0x7ffe2d436f40) = 0 <0.001515>
ioctl(3, AMDKFD_IOC_CREATE_QUEUE, 0x7ffe2d4372a0) = 0 <0.000127>
ioctl(3, AMDKFD_IOC_SET_EVENT, 0x7ffe2d4372f0) = 0 <0.000003>
ioctl(3, AMDKFD_IOC_ALLOC_MEMORY_OF_GPU, 0x7ffe2d436f70) = 0 <0.000006>
ioctl(3, AMDKFD_IOC_MAP_MEMORY_TO_GPU, 0x7ffe2d436f20) = 0 <0.000004>
ioctl(3, AMDKFD_IOC_ALLOC_MEMORY_OF_GPU, 0x7ffe2d436a50) = 0 <0.000005>
ioctl(3, AMDKFD_IOC_MAP_MEMORY_TO_GPU, 0x7ffe2d436a20) = 0 <0.000006>
ioctl(3, AMDKFD_IOC_ALLOC_MEMORY_OF_GPU, 0x7ffe2d436a70) = 0 <0.000009>
ioctl(3, AMDKFD_IOC_MAP_MEMORY_TO_GPU, 0x7ffe2d436a20) = 0 <0.000004>
ioctl(3, AMDKFD_IOC_CREATE_EVENT, 0x7ffe2d4371c0) = 0 <0.000003>
ioctl(3, AMDKFD_IOC_ALLOC_MEMORY_OF_GPU, 0x7ffe2d437460) = 0 <0.000005>
ioctl(3, AMDKFD_IOC_MAP_MEMORY_TO_GPU, 0x7ffe2d4373d0) = 0 <0.000006>
ioctl(3, _IOC(_IOC_READ|_IOC_WRITE, 0x4b, 0x20, 0x20), 0x7ffe2d437450) = 0 <0.000004>
ioctl(3, _IOC(_IOC_READ|_IOC_WRITE, 0x4b, 0x20, 0x20), 0x7ffe2d437330) = 0 <0.000006>
ioctl(3, AMDKFD_IOC_UNMAP_MEMORY_FROM_GPU, 0x7ffe2d437670) = 0 <0.000014>
ioctl(3, AMDKFD_IOC_FREE_MEMORY_OF_GPU, 0x7ffe2d437660) = 0 <0.000006>
ioctl(3, AMDKFD_IOC_SET_EVENT, 0x7ffe2d4376d0) = 0 <0.000003>
ioctl(3, AMDKFD_IOC_DESTROY_QUEUE, 0x7ffe2d437770) = 0 <0.000044>
ioctl(3, AMDKFD_IOC_UNMAP_MEMORY_FROM_GPU, 0x7ffe2d437650) = 0 <0.000011>
ioctl(3, AMDKFD_IOC_FREE_MEMORY_OF_GPU, 0x7ffe2d437650) = 0 <0.000003>
ioctl(3, AMDKFD_IOC_UNMAP_MEMORY_FROM_GPU, 0x7ffe2d437650) = 0 <0.000017>
ioctl(3, AMDKFD_IOC_FREE_MEMORY_OF_GPU, 0x7ffe2d437650) = 0 <0.000009>
ioctl(3, AMDKFD_IOC_UNMAP_MEMORY_FROM_GPU, 0x7ffe2d4374e0) = 0 <0.000012>
ioctl(3, AMDKFD_IOC_FREE_MEMORY_OF_GPU, 0x7ffe2d4374d0) = 0 <0.000005>
ioctl(3, AMDKFD_IOC_UNMAP_MEMORY_FROM_GPU, 0x7ffe2d437500) = 0 <0.000011>
ioctl(3, AMDKFD_IOC_FREE_MEMORY_OF_GPU, 0x7ffe2d4374f0) = 0 <0.000004>
ioctl(3, AMDKFD_IOC_UNMAP_MEMORY_FROM_GPU, 0x7ffe2d437490) = 0 <0.000011>
ioctl(3, AMDKFD_IOC_FREE_MEMORY_OF_GPU, 0x7ffe2d437480) = 0 <0.000004>
ioctl(3, AMDKFD_IOC_UNMAP_MEMORY_FROM_GPU, 0x7ffe2d437470) = 0 <0.000011>
ioctl(3, AMDKFD_IOC_FREE_MEMORY_OF_GPU, 0x7ffe2d437460) = 0 <0.000003>
ioctl(3, AMDKFD_IOC_UNMAP_MEMORY_FROM_GPU, 0x7ffe2d437470) = 0 <0.000011>
ioctl(3, AMDKFD_IOC_FREE_MEMORY_OF_GPU, 0x7ffe2d437460) = 0 <0.000004>
ioctl(3, AMDKFD_IOC_UNMAP_MEMORY_FROM_GPU, 0x7ffe2d4373a0) = 0 <0.000011>
ioctl(3, AMDKFD_IOC_FREE_MEMORY_OF_GPU, 0x7ffe2d437390) = 0 <0.000004>
ioctl(3, AMDKFD_IOC_UNMAP_MEMORY_FROM_GPU, 0x7ffe2d4373a0) = 0 <0.000010>
ioctl(3, AMDKFD_IOC_FREE_MEMORY_OF_GPU, 0x7ffe2d437390) = 0 <0.000003>
ioctl(3, AMDKFD_IOC_UNMAP_MEMORY_FROM_GPU, 0x7ffe2d4373a0) = 0 <0.000011>
ioctl(3, AMDKFD_IOC_FREE_MEMORY_OF_GPU, 0x7ffe2d437390) = 0 <0.000004>
ioctl(3, AMDKFD_IOC_UNMAP_MEMORY_FROM_GPU, 0x7ffe2d4373d0) = 0 <0.000011>
ioctl(3, AMDKFD_IOC_FREE_MEMORY_OF_GPU, 0x7ffe2d4373c0) = 0 <0.000004>
ioctl(3, AMDKFD_IOC_UNMAP_MEMORY_FROM_GPU, 0x7ffe2d437480) = 0 <0.000012>
ioctl(3, AMDKFD_IOC_FREE_MEMORY_OF_GPU, 0x7ffe2d437430) = 0 <0.000008>
ioctl(3, AMDKFD_IOC_UNMAP_MEMORY_FROM_GPU, 0x7ffe2d437450) = 0 <0.000011>
ioctl(3, AMDKFD_IOC_FREE_MEMORY_OF_GPU, 0x7ffe2d437440) = 0 <0.000004>
ioctl(3, AMDKFD_IOC_UNMAP_MEMORY_FROM_GPU, 0x7ffe2d437420) = 0 <0.000011>
ioctl(3, AMDKFD_IOC_FREE_MEMORY_OF_GPU, 0x7ffe2d437410) = 0 <0.000004>
ioctl(3, AMDKFD_IOC_UNMAP_MEMORY_FROM_GPU, 0x7ffe2d4374c0) = 0 <0.000011>
ioctl(3, AMDKFD_IOC_FREE_MEMORY_OF_GPU, 0x7ffe2d4374b0) = 0 <0.000003>
ioctl(3, AMDKFD_IOC_SET_EVENT, 0x7ffe2d437540) = 0 <0.000004>
ioctl(3, AMDKFD_IOC_DESTROY_QUEUE, 0x7ffe2d4375e0) = 0 <0.000051>
ioctl(3, AMDKFD_IOC_UNMAP_MEMORY_FROM_GPU, 0x7ffe2d4374c0) = 0 <0.000011>
ioctl(3, AMDKFD_IOC_FREE_MEMORY_OF_GPU, 0x7ffe2d4374c0) = 0 <0.000003>
ioctl(3, AMDKFD_IOC_UNMAP_MEMORY_FROM_GPU, 0x7ffe2d4374c0) = 0 <0.000014>
ioctl(3, AMDKFD_IOC_FREE_MEMORY_OF_GPU, 0x7ffe2d4374c0) = 0 <0.000004>
ioctl(3, AMDKFD_IOC_UNMAP_MEMORY_FROM_GPU, 0x7ffe2d437350) = 0 <0.000013>
ioctl(3, AMDKFD_IOC_FREE_MEMORY_OF_GPU, 0x7ffe2d437340) = 0 <0.000004>
ioctl(3, AMDKFD_IOC_DESTROY_EVENT, 0x7ffe2d4375f0) = 0 <0.000003>
ioctl(3, AMDKFD_IOC_UNMAP_MEMORY_FROM_GPU, 0x7ffe2d437370) = 0 <0.000013>
ioctl(3, AMDKFD_IOC_FREE_MEMORY_OF_GPU, 0x7ffe2d437360) = 0 <0.000004>
ioctl(3, AMDKFD_IOC_UNMAP_MEMORY_FROM_GPU, 0x7ffe2d437300) = 0 <0.000013>
ioctl(3, AMDKFD_IOC_FREE_MEMORY_OF_GPU, 0x7ffe2d4372f0) = 0 <0.000004>
ioctl(3, AMDKFD_IOC_SET_EVENT, 0x7ffe2d437750) = 0 <0.000003>
ioctl(3, AMDKFD_IOC_DESTROY_EVENT, 0x7ffe2d4377c0) = 0 <0.000003>
ioctl(3, AMDKFD_IOC_UNMAP_MEMORY_FROM_GPU, 0x7ffe2d4374e0) = 0 <0.000013>
ioctl(3, AMDKFD_IOC_FREE_MEMORY_OF_GPU, 0x7ffe2d4374d0) = 0 <0.000004>
ioctl(3, AMDKFD_IOC_DESTROY_EVENT, 0x7ffe2d437660) = 0 <0.000003>
ioctl(3, AMDKFD_IOC_DESTROY_EVENT, 0x7ffe2d437660) = 0 <0.000002>
ioctl(3, AMDKFD_IOC_DESTROY_EVENT, 0x7ffe2d437660) = 0 <0.000002>
ioctl(3, _IOC(_IOC_READ|_IOC_WRITE, 0x4b, 0x82, 0x28), 0x7ffe2d4375c0) = -1 ENOTTY (对设备不适当的 ioctl 操作) <0.000002>
ioctl(3, AMDKFD_IOC_UNMAP_MEMORY_FROM_GPU, 0x7ffe2d437750) = 0 <0.000013>
ioctl(3, AMDKFD_IOC_FREE_MEMORY_OF_GPU, 0x7ffe2d437750) = 0 <0.000004>
ioctl(3, AMDKFD_IOC_UNMAP_MEMORY_FROM_GPU, 0x7ffe2d437740) = 0 <0.000013>
ioctl(3, AMDKFD_IOC_FREE_MEMORY_OF_GPU, 0x7ffe2d437740) = 0 <0.000004>
+++ exited with 0 +++
